// Jest Snapshot v1, https://goo.gl/fbAQLP

exports[`sendPreference default should match default preferences 1`] = `
Object {
  "test1@test.com": Object {
    "encrypt": false,
    "isVerified": true,
    "mimetype": undefined,
    "ownAddress": false,
    "pinned": false,
    "primaryPinned": true,
    "publickeys": Array [],
    "scheme": 4,
    "sign": false,
    "warnings": Array [],
  },
}
`;
