// Jest Snapshot v1, https://goo.gl/fbAQLP

exports[`MailboxContainer should match snapshot 1`] = `
Object {
  "asFragment": [Function],
  "baseElement": <body>
    <div>
      <nav
        class="toolbar flex noprint flex-spacebetween"
      >
        <div
          class="flex"
        >
          <label
            class="inline-flex flex pl1"
          >
            <input
              class="pm-checkbox"
              type="checkbox"
            />
            <span
              class="pm-checkbox-fakecheck"
            >
              <svg
                class="icon-16p pm-checkbox-fakecheck-img"
                focusable="false"
                role="img"
                viewBox="0 0 16 16"
              >
                <use
                  xlink:href="#shape-on"
                />
              </svg>
            </span>
          </label>
          <button
            aria-busy="false"
            aria-expanded="false"
            class="flex-item-noshrink flex-item-noshrink toolbar-button toolbar-button--dropdown"
            title="Open actions dropdown"
            type="button"
          >
            <span
              class="mauto"
            >
              <span
                class=""
              />
              <svg
                class="icon-12p toolbar-icon"
                focusable="false"
                role="img"
                viewBox="0 0 16 16"
              >
                <use
                  xlink:href="#shape-caret"
                />
              </svg>
            </span>
          </button>
          <span
            class="toolbar-separator"
          />
          <button
            class="toolbar-button"
            title="Mark as read"
            type="button"
          >
            <svg
              class="icon-16p toolbar-icon mauto"
              focusable="false"
              role="img"
              viewBox="0 0 16 16"
            >
              <use
                xlink:href="#shape-read"
              />
            </svg>
          </button>
          <button
            class="toolbar-button"
            title="Mark as unread"
            type="button"
          >
            <svg
              class="icon-16p toolbar-icon mauto"
              focusable="false"
              role="img"
              viewBox="0 0 16 16"
            >
              <use
                xlink:href="#shape-unread"
              />
            </svg>
          </button>
          <span
            class="toolbar-separator"
          />
          <button
            class="toolbar-button"
            title="Move to trash"
            type="button"
          >
            <svg
              class="icon-16p toolbar-icon mauto"
              focusable="false"
              role="img"
              viewBox="0 0 16 16"
            >
              <use
                xlink:href="#shape-trash"
              />
            </svg>
          </button>
          <button
            class="toolbar-button"
            title="Move to inbox"
            type="button"
          >
            <svg
              class="icon-16p toolbar-icon mauto"
              focusable="false"
              role="img"
              viewBox="0 0 16 16"
            >
              <use
                xlink:href="#shape-inbox"
              />
            </svg>
          </button>
          <button
            class="toolbar-button"
            title="Move to archive"
            type="button"
          >
            <svg
              class="icon-16p toolbar-icon mauto"
              focusable="false"
              role="img"
              viewBox="0 0 16 16"
            >
              <use
                xlink:href="#shape-archive"
              />
            </svg>
          </button>
          <button
            class="toolbar-button"
            title="Move to spam"
            type="button"
          >
            <svg
              class="icon-16p toolbar-icon mauto"
              focusable="false"
              role="img"
              viewBox="0 0 16 16"
            >
              <use
                xlink:href="#shape-spam"
              />
            </svg>
          </button>
          <button
            class="toolbar-button"
            title="Empty folder"
            type="button"
          >
            <svg
              class="icon-16p toolbar-icon mauto"
              focusable="false"
              role="img"
              viewBox="0 0 16 16"
            >
              <use
                xlink:href="#shape-empty-folder"
              />
            </svg>
          </button>
          <span
            class="toolbar-separator"
          />
          <button
            aria-busy="false"
            aria-expanded="false"
            class="flex-item-noshrink flex-item-noshrink toolbar-button toolbar-button--dropdown"
            type="button"
          >
            <span
              class="mauto"
            >
              <span
                class="mr0-5"
              >
                <svg
                  class="icon-16p toolbar-icon"
                  focusable="false"
                  role="img"
                  viewBox="0 0 16 16"
                >
                  <use
                    xlink:href="#shape-folder"
                  />
                </svg>
              </span>
              <svg
                class="icon-12p toolbar-icon"
                focusable="false"
                role="img"
                viewBox="0 0 16 16"
              >
                <use
                  xlink:href="#shape-caret"
                />
              </svg>
            </span>
          </button>
          <button
            aria-busy="false"
            aria-expanded="false"
            class="flex-item-noshrink flex-item-noshrink toolbar-button toolbar-button--dropdown"
            type="button"
          >
            <span
              class="mauto"
            >
              <span
                class="mr0-5"
              >
                <svg
                  class="icon-16p toolbar-icon"
                  focusable="false"
                  role="img"
                  viewBox="0 0 16 16"
                >
                  <use
                    xlink:href="#shape-label"
                  />
                </svg>
              </span>
              <svg
                class="icon-12p toolbar-icon"
                focusable="false"
                role="img"
                viewBox="0 0 16 16"
              >
                <use
                  xlink:href="#shape-caret"
                />
              </svg>
            </span>
          </button>
        </div>
        <div
          class="flex"
        >
          <button
            aria-busy="false"
            aria-expanded="false"
            class="flex-item-noshrink flex-item-noshrink toolbar-button toolbar-button--dropdown"
            type="button"
          >
            <span
              class="mauto"
            >
              <span
                class="mr0-5"
              >
                <svg
                  class="icon-16p toolbar-icon"
                  focusable="false"
                  role="img"
                  viewBox="0 0 16 16"
                >
                  <use
                    xlink:href="#shape-bullet-points"
                  />
                </svg>
              </span>
              <svg
                class="icon-12p toolbar-icon"
                focusable="false"
                role="img"
                viewBox="0 0 16 16"
              >
                <use
                  xlink:href="#shape-caret"
                />
              </svg>
            </span>
          </button>
          <button
            aria-busy="false"
            aria-expanded="false"
            class="flex-item-noshrink flex-item-noshrink toolbar-button toolbar-button--dropdown"
            type="button"
          >
            <span
              class="mauto"
            >
              <span
                class="mr0-5"
              >
                <svg
                  class="icon-16p toolbar-icon"
                  focusable="false"
                  role="img"
                  viewBox="0 0 16 16"
                >
                  <use
                    xlink:href="#shape-sort-new-old"
                  />
                </svg>
              </span>
              <svg
                class="icon-12p toolbar-icon"
                focusable="false"
                role="img"
                viewBox="0 0 16 16"
              >
                <use
                  xlink:href="#shape-caret"
                />
              </svg>
            </span>
          </button>
          <button
            aria-busy="false"
            aria-expanded="false"
            class="flex-item-noshrink flex-item-noshrink toolbar-button toolbar-button--dropdown"
            title="Change layout"
            type="button"
          >
            <span
              class="mauto"
            >
              <span
                class="mr0-5"
              >
                <svg
                  class="icon-16p toolbar-icon"
                  focusable="false"
                  role="img"
                  viewBox="0 0 16 16"
                >
                  <use
                    xlink:href="#shape-layout-columns"
                  />
                </svg>
              </span>
              <svg
                class="icon-12p toolbar-icon"
                focusable="false"
                role="img"
                viewBox="0 0 16 16"
              >
                <use
                  xlink:href="#shape-caret"
                />
              </svg>
            </span>
          </button>
          <span
            class="toolbar-separator"
          />
          <button
            class="toolbar-button"
            disabled=""
            title="Previous"
            type="button"
          >
            <svg
              class="icon-16p toolbar-icon rotateZ-90 mauto"
              focusable="false"
              role="img"
              viewBox="0 0 16 16"
            >
              <use
                xlink:href="#shape-caret"
              />
            </svg>
          </button>
          <button
            aria-busy="false"
            aria-expanded="false"
            class="flex-item-noshrink flex-item-noshrink toolbar-button toolbar-button--dropdown"
            disabled=""
            title="Change layout"
            type="button"
          >
            <span
              class="mauto"
            >
              <span
                class="mr0-5"
              >
                1
              </span>
              <svg
                class="icon-12p toolbar-icon"
                focusable="false"
                role="img"
                viewBox="0 0 16 16"
              >
                <use
                  xlink:href="#shape-caret"
                />
              </svg>
            </span>
          </button>
          <button
            class="toolbar-button"
            disabled=""
            title="Next"
            type="button"
          >
            <svg
              class="icon-16p toolbar-icon rotateZ-270 mauto"
              focusable="false"
              role="img"
              viewBox="0 0 16 16"
            >
              <use
                xlink:href="#shape-caret"
              />
            </svg>
          </button>
        </div>
      </nav>
      <div
        class="main-area--withToolbar flex-item-fluid flex reset4print"
      >
        <div
          class="items-column-list scroll-if-needed scroll-smooth-touch"
        >
          <div
            class="m2"
          >
            <figure
              class="flex-item-fluid aligncenter p3"
            >
              <img
                alt="No messages found"
                src="test-file-stub"
              />
              <figcaption
                class="mt2"
              >
                <h3
                  class="bold"
                >
                  No messages found
                </h3>
                <p
                  data-if="folder"
                >
                  You do not have any messages here
                </p>
              </figcaption>
            </figure>
          </div>
        </div>
        <section
          class="view-column-detail p2 flex-item-fluid scroll-if-needed"
        />
      </div>
    </div>
    <div
      aria-hidden="true"
      class="dropDown dropDown--bottom toolbar-dropdown"
      hidden=""
      id="dropdown-0"
      role="dialog"
      style="top: -1000px; left: -1000px;"
    >
      <div
        class="dropDown-content"
      >
        <ul
          class="unstyled mt0 mb0 ml1 mr1"
        >
          <li
            class="dropDown-item"
          >
            <button
              class="w100 pt0-5 pb0-5 alignleft"
              type="button"
            >
              <svg
                class="icon-16p mr0-5"
                focusable="false"
                role="img"
                viewBox="0 0 16 16"
              >
                <use
                  xlink:href="#shape-show-all-emails"
                />
              </svg>
              Select all
            </button>
          </li>
          <li
            class="dropDown-item"
          >
            <button
              class="w100 pt0-5 pb0-5 alignleft"
              type="button"
            >
              <svg
                class="icon-16p mr0-5"
                focusable="false"
                role="img"
                viewBox="0 0 16 16"
              >
                <use
                  xlink:href="#shape-unread"
                />
              </svg>
              All unread
            </button>
          </li>
          <li
            class="dropDown-item"
          >
            <button
              class="w100 pt0-5 pb0-5 alignleft"
              type="button"
            >
              <svg
                class="icon-16p mr0-5"
                focusable="false"
                role="img"
                viewBox="0 0 16 16"
              >
                <use
                  xlink:href="#shape-read"
                />
              </svg>
              All read
            </button>
          </li>
          <li
            class="dropDown-item"
          >
            <button
              class="w100 pt0-5 pb0-5 alignleft"
              type="button"
            >
              <svg
                class="icon-16p mr0-5"
                focusable="false"
                role="img"
                viewBox="0 0 16 16"
              >
                <use
                  xlink:href="#shape-star"
                />
              </svg>
              All unstarred
            </button>
          </li>
          <li
            class="dropDown-item"
          >
            <button
              class="w100 pt0-5 pb0-5 alignleft"
              type="button"
            >
              <svg
                class="icon-16p mr0-5"
                focusable="false"
                role="img"
                viewBox="0 0 16 16"
              >
                <use
                  xlink:href="#shape-starfull"
                />
              </svg>
              All starred
            </button>
          </li>
        </ul>
      </div>
    </div>
    <div
      aria-hidden="true"
      class="dropDown dropDown--bottom toolbar-dropdown"
      hidden=""
      id="dropdown-1"
      role="dialog"
      style="top: -1000px; left: -1000px;"
    />
    <div
      aria-hidden="true"
      class="dropDown dropDown--bottom toolbar-dropdown"
      hidden=""
      id="dropdown-2"
      role="dialog"
      style="top: -1000px; left: -1000px;"
    />
    <div
      aria-hidden="true"
      class="dropDown dropDown--bottom toolbar-dropdown"
      hidden=""
      id="dropdown-3"
      role="dialog"
      style="top: -1000px; left: -1000px;"
    >
      <div
        class="dropDown-content"
      >
        <ul
          class="unstyled mt0 mb0 ml1 mr1"
        >
          <li
            class="dropDown-item"
          >
            <button
              class="w100 pt0-5 pb0-5 alignleft"
              disabled=""
              type="button"
            >
              <svg
                class="icon-16p mr0-5"
                focusable="false"
                role="img"
                viewBox="0 0 16 16"
              >
                <use
                  xlink:href="#shape-bullet-points"
                />
              </svg>
              Show all
            </button>
          </li>
          <li
            class="dropDown-item"
          >
            <button
              class="w100 pt0-5 pb0-5 alignleft"
              type="button"
            >
              <svg
                class="icon-16p mr0-5"
                focusable="false"
                role="img"
                viewBox="0 0 16 16"
              >
                <use
                  xlink:href="#shape-unread"
                />
              </svg>
              Show unread
            </button>
          </li>
          <li
            class="dropDown-item"
          >
            <button
              class="w100 pt0-5 pb0-5 alignleft"
              type="button"
            >
              <svg
                class="icon-16p mr0-5"
                focusable="false"
                role="img"
                viewBox="0 0 16 16"
              >
                <use
                  xlink:href="#shape-read"
                />
              </svg>
              Show read
            </button>
          </li>
        </ul>
      </div>
    </div>
    <div
      aria-hidden="true"
      class="dropDown dropDown--bottom toolbar-dropdown"
      hidden=""
      id="dropdown-4"
      role="dialog"
      style="top: -1000px; left: -1000px;"
    >
      <div
        class="dropDown-content"
      >
        <ul
          class="unstyled mt0 mb0 ml1 mr1"
        >
          <li
            class="dropDown-item"
          >
            <button
              class="w100 pt0-5 pb0-5 alignleft"
              type="button"
            >
              <svg
                class="icon-16p mr0-5"
                focusable="false"
                role="img"
                viewBox="0 0 16 16"
              >
                <use
                  xlink:href="#shape-sort-small-large"
                />
              </svg>
              Size: small to large
            </button>
          </li>
          <li
            class="dropDown-item"
          >
            <button
              class="w100 pt0-5 pb0-5 alignleft"
              type="button"
            >
              <svg
                class="icon-16p mr0-5"
                focusable="false"
                role="img"
                viewBox="0 0 16 16"
              >
                <use
                  xlink:href="#shape-sort-large-small"
                />
              </svg>
              Size: large to small
            </button>
          </li>
          <li
            class="dropDown-item"
          >
            <button
              class="w100 pt0-5 pb0-5 alignleft"
              disabled=""
              type="button"
            >
              <svg
                class="icon-16p mr0-5"
                focusable="false"
                role="img"
                viewBox="0 0 16 16"
              >
                <use
                  xlink:href="#shape-sort-new-old"
                />
              </svg>
              Date: new to old
            </button>
          </li>
          <li
            class="dropDown-item"
          >
            <button
              class="w100 pt0-5 pb0-5 alignleft"
              type="button"
            >
              <svg
                class="icon-16p mr0-5"
                focusable="false"
                role="img"
                viewBox="0 0 16 16"
              >
                <use
                  xlink:href="#shape-sort-old-new"
                />
              </svg>
              Date: old to new
            </button>
          </li>
        </ul>
      </div>
    </div>
    <div
      aria-hidden="true"
      class="dropDown dropDown--bottom toolbar-dropdown"
      hidden=""
      id="dropdown-5"
      role="dialog"
      style="top: -1000px; left: -1000px;"
    >
      <div
        class="dropDown-content"
      >
        <ul
          class="unstyled mt0 mb0 ml1 mr1"
        >
          <li
            class="dropDown-item"
          >
            <button
              class="w100 pt0-5 pb0-5 alignleft"
              disabled=""
              type="button"
            >
              <svg
                class="icon-16p mr0-5"
                focusable="false"
                role="img"
                viewBox="0 0 16 16"
              >
                <use
                  xlink:href="#shape-layout-columns"
                />
              </svg>
              Column layout
            </button>
          </li>
          <li
            class="dropDown-item"
          >
            <button
              class="w100 pt0-5 pb0-5 alignleft"
              type="button"
            >
              <svg
                class="icon-16p mr0-5"
                focusable="false"
                role="img"
                viewBox="0 0 16 16"
              >
                <use
                  xlink:href="#shape-layout-rows"
                />
              </svg>
              Row layout
            </button>
          </li>
        </ul>
      </div>
    </div>
    <div
      aria-hidden="true"
      class="dropDown dropDown--bottom dropDown--narrow toolbar-dropdown"
      hidden=""
      id="dropdown-6"
      role="dialog"
      style="top: -1000px; left: -1000px;"
    >
      <div
        class="dropDown-content"
      >
        <ul
          class="unstyled mt0 mb0 ml1 mr1"
        />
      </div>
    </div>
  </body>,
  "container": <div>
    <nav
      class="toolbar flex noprint flex-spacebetween"
    >
      <div
        class="flex"
      >
        <label
          class="inline-flex flex pl1"
        >
          <input
            class="pm-checkbox"
            type="checkbox"
          />
          <span
            class="pm-checkbox-fakecheck"
          >
            <svg
              class="icon-16p pm-checkbox-fakecheck-img"
              focusable="false"
              role="img"
              viewBox="0 0 16 16"
            >
              <use
                xlink:href="#shape-on"
              />
            </svg>
          </span>
        </label>
        <button
          aria-busy="false"
          aria-expanded="false"
          class="flex-item-noshrink flex-item-noshrink toolbar-button toolbar-button--dropdown"
          title="Open actions dropdown"
          type="button"
        >
          <span
            class="mauto"
          >
            <span
              class=""
            />
            <svg
              class="icon-12p toolbar-icon"
              focusable="false"
              role="img"
              viewBox="0 0 16 16"
            >
              <use
                xlink:href="#shape-caret"
              />
            </svg>
          </span>
        </button>
        <span
          class="toolbar-separator"
        />
        <button
          class="toolbar-button"
          title="Mark as read"
          type="button"
        >
          <svg
            class="icon-16p toolbar-icon mauto"
            focusable="false"
            role="img"
            viewBox="0 0 16 16"
          >
            <use
              xlink:href="#shape-read"
            />
          </svg>
        </button>
        <button
          class="toolbar-button"
          title="Mark as unread"
          type="button"
        >
          <svg
            class="icon-16p toolbar-icon mauto"
            focusable="false"
            role="img"
            viewBox="0 0 16 16"
          >
            <use
              xlink:href="#shape-unread"
            />
          </svg>
        </button>
        <span
          class="toolbar-separator"
        />
        <button
          class="toolbar-button"
          title="Move to trash"
          type="button"
        >
          <svg
            class="icon-16p toolbar-icon mauto"
            focusable="false"
            role="img"
            viewBox="0 0 16 16"
          >
            <use
              xlink:href="#shape-trash"
            />
          </svg>
        </button>
        <button
          class="toolbar-button"
          title="Move to inbox"
          type="button"
        >
          <svg
            class="icon-16p toolbar-icon mauto"
            focusable="false"
            role="img"
            viewBox="0 0 16 16"
          >
            <use
              xlink:href="#shape-inbox"
            />
          </svg>
        </button>
        <button
          class="toolbar-button"
          title="Move to archive"
          type="button"
        >
          <svg
            class="icon-16p toolbar-icon mauto"
            focusable="false"
            role="img"
            viewBox="0 0 16 16"
          >
            <use
              xlink:href="#shape-archive"
            />
          </svg>
        </button>
        <button
          class="toolbar-button"
          title="Move to spam"
          type="button"
        >
          <svg
            class="icon-16p toolbar-icon mauto"
            focusable="false"
            role="img"
            viewBox="0 0 16 16"
          >
            <use
              xlink:href="#shape-spam"
            />
          </svg>
        </button>
        <button
          class="toolbar-button"
          title="Empty folder"
          type="button"
        >
          <svg
            class="icon-16p toolbar-icon mauto"
            focusable="false"
            role="img"
            viewBox="0 0 16 16"
          >
            <use
              xlink:href="#shape-empty-folder"
            />
          </svg>
        </button>
        <span
          class="toolbar-separator"
        />
        <button
          aria-busy="false"
          aria-expanded="false"
          class="flex-item-noshrink flex-item-noshrink toolbar-button toolbar-button--dropdown"
          type="button"
        >
          <span
            class="mauto"
          >
            <span
              class="mr0-5"
            >
              <svg
                class="icon-16p toolbar-icon"
                focusable="false"
                role="img"
                viewBox="0 0 16 16"
              >
                <use
                  xlink:href="#shape-folder"
                />
              </svg>
            </span>
            <svg
              class="icon-12p toolbar-icon"
              focusable="false"
              role="img"
              viewBox="0 0 16 16"
            >
              <use
                xlink:href="#shape-caret"
              />
            </svg>
          </span>
        </button>
        <button
          aria-busy="false"
          aria-expanded="false"
          class="flex-item-noshrink flex-item-noshrink toolbar-button toolbar-button--dropdown"
          type="button"
        >
          <span
            class="mauto"
          >
            <span
              class="mr0-5"
            >
              <svg
                class="icon-16p toolbar-icon"
                focusable="false"
                role="img"
                viewBox="0 0 16 16"
              >
                <use
                  xlink:href="#shape-label"
                />
              </svg>
            </span>
            <svg
              class="icon-12p toolbar-icon"
              focusable="false"
              role="img"
              viewBox="0 0 16 16"
            >
              <use
                xlink:href="#shape-caret"
              />
            </svg>
          </span>
        </button>
      </div>
      <div
        class="flex"
      >
        <button
          aria-busy="false"
          aria-expanded="false"
          class="flex-item-noshrink flex-item-noshrink toolbar-button toolbar-button--dropdown"
          type="button"
        >
          <span
            class="mauto"
          >
            <span
              class="mr0-5"
            >
              <svg
                class="icon-16p toolbar-icon"
                focusable="false"
                role="img"
                viewBox="0 0 16 16"
              >
                <use
                  xlink:href="#shape-bullet-points"
                />
              </svg>
            </span>
            <svg
              class="icon-12p toolbar-icon"
              focusable="false"
              role="img"
              viewBox="0 0 16 16"
            >
              <use
                xlink:href="#shape-caret"
              />
            </svg>
          </span>
        </button>
        <button
          aria-busy="false"
          aria-expanded="false"
          class="flex-item-noshrink flex-item-noshrink toolbar-button toolbar-button--dropdown"
          type="button"
        >
          <span
            class="mauto"
          >
            <span
              class="mr0-5"
            >
              <svg
                class="icon-16p toolbar-icon"
                focusable="false"
                role="img"
                viewBox="0 0 16 16"
              >
                <use
                  xlink:href="#shape-sort-new-old"
                />
              </svg>
            </span>
            <svg
              class="icon-12p toolbar-icon"
              focusable="false"
              role="img"
              viewBox="0 0 16 16"
            >
              <use
                xlink:href="#shape-caret"
              />
            </svg>
          </span>
        </button>
        <button
          aria-busy="false"
          aria-expanded="false"
          class="flex-item-noshrink flex-item-noshrink toolbar-button toolbar-button--dropdown"
          title="Change layout"
          type="button"
        >
          <span
            class="mauto"
          >
            <span
              class="mr0-5"
            >
              <svg
                class="icon-16p toolbar-icon"
                focusable="false"
                role="img"
                viewBox="0 0 16 16"
              >
                <use
                  xlink:href="#shape-layout-columns"
                />
              </svg>
            </span>
            <svg
              class="icon-12p toolbar-icon"
              focusable="false"
              role="img"
              viewBox="0 0 16 16"
            >
              <use
                xlink:href="#shape-caret"
              />
            </svg>
          </span>
        </button>
        <span
          class="toolbar-separator"
        />
        <button
          class="toolbar-button"
          disabled=""
          title="Previous"
          type="button"
        >
          <svg
            class="icon-16p toolbar-icon rotateZ-90 mauto"
            focusable="false"
            role="img"
            viewBox="0 0 16 16"
          >
            <use
              xlink:href="#shape-caret"
            />
          </svg>
        </button>
        <button
          aria-busy="false"
          aria-expanded="false"
          class="flex-item-noshrink flex-item-noshrink toolbar-button toolbar-button--dropdown"
          disabled=""
          title="Change layout"
          type="button"
        >
          <span
            class="mauto"
          >
            <span
              class="mr0-5"
            >
              1
            </span>
            <svg
              class="icon-12p toolbar-icon"
              focusable="false"
              role="img"
              viewBox="0 0 16 16"
            >
              <use
                xlink:href="#shape-caret"
              />
            </svg>
          </span>
        </button>
        <button
          class="toolbar-button"
          disabled=""
          title="Next"
          type="button"
        >
          <svg
            class="icon-16p toolbar-icon rotateZ-270 mauto"
            focusable="false"
            role="img"
            viewBox="0 0 16 16"
          >
            <use
              xlink:href="#shape-caret"
            />
          </svg>
        </button>
      </div>
    </nav>
    <div
      class="main-area--withToolbar flex-item-fluid flex reset4print"
    >
      <div
        class="items-column-list scroll-if-needed scroll-smooth-touch"
      >
        <div
          class="m2"
        >
          <figure
            class="flex-item-fluid aligncenter p3"
          >
            <img
              alt="No messages found"
              src="test-file-stub"
            />
            <figcaption
              class="mt2"
            >
              <h3
                class="bold"
              >
                No messages found
              </h3>
              <p
                data-if="folder"
              >
                You do not have any messages here
              </p>
            </figcaption>
          </figure>
        </div>
      </div>
      <section
        class="view-column-detail p2 flex-item-fluid scroll-if-needed"
      />
    </div>
  </div>,
  "debug": [Function],
  "findAllByAltText": [Function],
  "findAllByDisplayValue": [Function],
  "findAllByLabelText": [Function],
  "findAllByPlaceholderText": [Function],
  "findAllByRole": [Function],
  "findAllByTestId": [Function],
  "findAllByText": [Function],
  "findAllByTitle": [Function],
  "findByAltText": [Function],
  "findByDisplayValue": [Function],
  "findByLabelText": [Function],
  "findByPlaceholderText": [Function],
  "findByRole": [Function],
  "findByTestId": [Function],
  "findByText": [Function],
  "findByTitle": [Function],
  "getAllByAltText": [Function],
  "getAllByDisplayValue": [Function],
  "getAllByLabelText": [Function],
  "getAllByPlaceholderText": [Function],
  "getAllByRole": [Function],
  "getAllByTestId": [Function],
  "getAllByText": [Function],
  "getAllByTitle": [Function],
  "getByAltText": [Function],
  "getByDisplayValue": [Function],
  "getByLabelText": [Function],
  "getByPlaceholderText": [Function],
  "getByRole": [Function],
  "getByTestId": [Function],
  "getByText": [Function],
  "getByTitle": [Function],
  "queryAllByAltText": [Function],
  "queryAllByDisplayValue": [Function],
  "queryAllByLabelText": [Function],
  "queryAllByPlaceholderText": [Function],
  "queryAllByRole": [Function],
  "queryAllByTestId": [Function],
  "queryAllByText": [Function],
  "queryAllByTitle": [Function],
  "queryByAltText": [Function],
  "queryByDisplayValue": [Function],
  "queryByLabelText": [Function],
  "queryByPlaceholderText": [Function],
  "queryByRole": [Function],
  "queryByTestId": [Function],
  "queryByText": [Function],
  "queryByTitle": [Function],
  "rerender": [Function],
  "unmount": [Function],
}
`;
